I'm sorry, but errors were detected in your script. Please correct the
errors listed below, and try again.


File "renpy/common/00action_file.rpy", line 948: non-keyword arg after keyword arg
    Notify(message),
    

Ren'Py Version: Ren'Py 7.4.11.2266
Sat Aug 19 23:11:48 2023
